Archive member included to satisfy reference by file (symbol)

C:/ST/STM32CubeIDE_1.13.1/STM32CubeIDE/plugins/com.st.stm32cube.ide.mcu.externaltools.gnu-tools-for-stm32.11.3.rel1.win32_1.1.0.202305231506/tools/bin/../lib/gcc/arm-none-eabi/11.3.1/../../../../arm-none-eabi/lib/thumb/v7e-m+dp/hard\libc_nano.a(libc_a-exit.o)
                              C:/ST/STM32CubeIDE_1.13.1/STM32CubeIDE/plugins/com.st.stm32cube.ide.mcu.externaltools.gnu-tools-for-stm32.11.3.rel1.win32_1.1.0.202305231506/tools/bin/../lib/gcc/arm-none-eabi/11.3.1/../../../../arm-none-eabi/lib/thumb/v7e-m+dp/hard/crt0.o (exit)
C:/ST/STM32CubeIDE_1.13.1/STM32CubeIDE/plugins/com.st.stm32cube.ide.mcu.externaltools.gnu-tools-for-stm32.11.3.rel1.win32_1.1.0.202305231506/tools/bin/../lib/gcc/arm-none-eabi/11.3.1/../../../../arm-none-eabi/lib/thumb/v7e-m+dp/hard\libc_nano.a(libc_a-findfp.o)
                              C:/ST/STM32CubeIDE_1.13.1/STM32CubeIDE/plugins/com.st.stm32cube.ide.mcu.externaltools.gnu-tools-for-stm32.11.3.rel1.win32_1.1.0.202305231506/tools/bin/../lib/gcc/arm-none-eabi/11.3.1/../../../../arm-none-eabi/lib/thumb/v7e-m+dp/hard\libc_nano.a(libc_a-exit.o) (__stdio_exit_handler)
C:/ST/STM32CubeIDE_1.13.1/STM32CubeIDE/plugins/com.st.stm32cube.ide.mcu.externaltools.gnu-tools-for-stm32.11.3.rel1.win32_1.1.0.202305231506/tools/bin/../lib/gcc/arm-none-eabi/11.3.1/../../../../arm-none-eabi/lib/thumb/v7e-m+dp/hard\libc_nano.a(libc_a-fwalk.o)
                              C:/ST/STM32CubeIDE_1.13.1/STM32CubeIDE/plugins/com.st.stm32cube.ide.mcu.externaltools.gnu-tools-for-stm32.11.3.rel1.win32_1.1.0.202305231506/tools/bin/../lib/gcc/arm-none-eabi/11.3.1/../../../../arm-none-eabi/lib/thumb/v7e-m+dp/hard\libc_nano.a(libc_a-findfp.o) (_fwalk_sglue)
C:/ST/STM32CubeIDE_1.13.1/STM32CubeIDE/plugins/com.st.stm32cube.ide.mcu.externaltools.gnu-tools-for-stm32.11.3.rel1.win32_1.1.0.202305231506/tools/bin/../lib/gcc/arm-none-eabi/11.3.1/../../../../arm-none-eabi/lib/thumb/v7e-m+dp/hard\libc_nano.a(libc_a-stdio.o)
                              C:/ST/STM32CubeIDE_1.13.1/STM32CubeIDE/plugins/com.st.stm32cube.ide.mcu.externaltools.gnu-tools-for-stm32.11.3.rel1.win32_1.1.0.202305231506/tools/bin/../lib/gcc/arm-none-eabi/11.3.1/../../../../arm-none-eabi/lib/thumb/v7e-m+dp/hard\libc_nano.a(libc_a-findfp.o) (__sread)
C:/ST/STM32CubeIDE_1.13.1/STM32CubeIDE/plugins/com.st.stm32cube.ide.mcu.externaltools.gnu-tools-for-stm32.11.3.rel1.win32_1.1.0.202305231506/tools/bin/../lib/gcc/arm-none-eabi/11.3.1/../../../../arm-none-eabi/lib/thumb/v7e-m+dp/hard\libc_nano.a(libc_a-memset.o)
                              C:/ST/STM32CubeIDE_1.13.1/STM32CubeIDE/plugins/com.st.stm32cube.ide.mcu.externaltools.gnu-tools-for-stm32.11.3.rel1.win32_1.1.0.202305231506/tools/bin/../lib/gcc/arm-none-eabi/11.3.1/../../../../arm-none-eabi/lib/thumb/v7e-m+dp/hard/crt0.o (memset)
C:/ST/STM32CubeIDE_1.13.1/STM32CubeIDE/plugins/com.st.stm32cube.ide.mcu.externaltools.gnu-tools-for-stm32.11.3.rel1.win32_1.1.0.202305231506/tools/bin/../lib/gcc/arm-none-eabi/11.3.1/../../../../arm-none-eabi/lib/thumb/v7e-m+dp/hard\libc_nano.a(libc_a-closer.o)
                              C:/ST/STM32CubeIDE_1.13.1/STM32CubeIDE/plugins/com.st.stm32cube.ide.mcu.externaltools.gnu-tools-for-stm32.11.3.rel1.win32_1.1.0.202305231506/tools/bin/../lib/gcc/arm-none-eabi/11.3.1/../../../../arm-none-eabi/lib/thumb/v7e-m+dp/hard\libc_nano.a(libc_a-stdio.o) (_close_r)
C:/ST/STM32CubeIDE_1.13.1/STM32CubeIDE/plugins/com.st.stm32cube.ide.mcu.externaltools.gnu-tools-for-stm32.11.3.rel1.win32_1.1.0.202305231506/tools/bin/../lib/gcc/arm-none-eabi/11.3.1/../../../../arm-none-eabi/lib/thumb/v7e-m+dp/hard\libc_nano.a(libc_a-reent.o)
                              C:/ST/STM32CubeIDE_1.13.1/STM32CubeIDE/plugins/com.st.stm32cube.ide.mcu.externaltools.gnu-tools-for-stm32.11.3.rel1.win32_1.1.0.202305231506/tools/bin/../lib/gcc/arm-none-eabi/11.3.1/../../../../arm-none-eabi/lib/thumb/v7e-m+dp/hard\libc_nano.a(libc_a-closer.o) (errno)
C:/ST/STM32CubeIDE_1.13.1/STM32CubeIDE/plugins/com.st.stm32cube.ide.mcu.externaltools.gnu-tools-for-stm32.11.3.rel1.win32_1.1.0.202305231506/tools/bin/../lib/gcc/arm-none-eabi/11.3.1/../../../../arm-none-eabi/lib/thumb/v7e-m+dp/hard\libc_nano.a(libc_a-impure.o)
                              C:/ST/STM32CubeIDE_1.13.1/STM32CubeIDE/plugins/com.st.stm32cube.ide.mcu.externaltools.gnu-tools-for-stm32.11.3.rel1.win32_1.1.0.202305231506/tools/bin/../lib/gcc/arm-none-eabi/11.3.1/../../../../arm-none-eabi/lib/thumb/v7e-m+dp/hard\libc_nano.a(libc_a-reent.o) (_impure_ptr)
C:/ST/STM32CubeIDE_1.13.1/STM32CubeIDE/plugins/com.st.stm32cube.ide.mcu.externaltools.gnu-tools-for-stm32.11.3.rel1.win32_1.1.0.202305231506/tools/bin/../lib/gcc/arm-none-eabi/11.3.1/../../../../arm-none-eabi/lib/thumb/v7e-m+dp/hard\libc_nano.a(libc_a-lseekr.o)
[...]
Memory Configuration

Name             Origin             Length             Attributes
RAM_D1           0x0000000024000000 0x0000000000080000 xrw
FLASH            0x0000000008000000 0x0000000000100000 xr
DTCMRAM          0x0000000020000000 0x0000000000020000 xrw
RAM_D2           0x0000000030000000 0x0000000000048000 xrw
RAM_D3           0x0000000038000000 0x0000000000010000 xrw
ITCMRAM          0x0000000000000000 0x0000000000010000 xrw
*default*        0x0000000000000000 0xffffffffffffffff

Linker script and memory map

LOAD C:/ST/STM32CubeIDE_1.13.1/STM32CubeIDE/plugins/com.st.stm32cube.ide.mcu.externaltools.gnu-tools-for-stm32.11.3.rel1.win32_1.1.0.202305231506/tools/bin/../lib/gcc/arm-none-eabi/11.3.1/thumb/v7e-m+dp/hard/crti.o
LOAD C:/ST/STM32CubeIDE_1.13.1/STM32CubeIDE/plugins/com.st.stm32cube.ide.mcu.externaltools.gnu-tools-for-stm32.11.3.rel1.win32_1.1.0.202305231506/tools/bin/../lib/gcc/arm-none-eabi/11.3.1/thumb/v7e-m+dp/hard/crtbegin.o
LOAD C:/ST/STM32CubeIDE_1.13.1/STM32CubeIDE/plugins/com.st.stm32cube.ide.mcu.externaltools.gnu-tools-for-stm32.11.3.rel1.win32_1.1.0.202305231506/tools/bin/../lib/gcc/arm-none-eabi/11.3.1/../../../../arm-none-eabi/lib/thumb/v7e-m+dp/hard/crt0.o
LOAD ./Common/Src/system_stm32h7xx_dualcore_boot_cm4_cm7.o
LOAD ./Core/Src/main.o
LOAD ./Core/Src/stm32h7xx_hal_msp.o
LOAD ./Core/Src/stm32h7xx_it.o
LOAD ./Core/Src/syscalls.o
LOAD ./Core/Src/sysmem.o
LOAD ./Core/Startup/startup_stm32h755zitx.o
LOAD ./Drivers/STM32H7xx_HAL_Driver/stm32h7xx_hal.o
LOAD ./Drivers/STM32H7xx_HAL_Driver/stm32h7xx_hal_cortex.o
LOAD ./Drivers/STM32H7xx_HAL_Driver/stm32h7xx_hal_dma.o
LOAD ./Drivers/STM32H7xx_HAL_Driver/stm32h7xx_hal_dma_ex.o
LOAD ./Drivers/STM32H7xx_HAL_Driver/stm32h7xx_hal_exti.o
LOAD ./Drivers/STM32H7xx_HAL_Driver/stm32h7xx_hal_flash.o
LOAD ./Drivers/STM32H7xx_HAL_Driver/stm32h7xx_hal_flash_ex.o
LOAD ./Drivers/STM32H7xx_HAL_Driver/stm32h7xx_hal_gpio.o
LOAD ./Drivers/STM32H7xx_HAL_Driver/stm32h7xx_hal_hsem.o
LOAD ./Drivers/STM32H7xx_HAL_Driver/stm32h7xx_hal_i2c.o
LOAD ./Drivers/STM32H7xx_HAL_Driver/stm32h7xx_hal_i2c_ex.o
LOAD ./Drivers/STM32H7xx_HAL_Driver/stm32h7xx_hal_mdma.o
LOAD ./Drivers/STM32H7xx_HAL_Driver/stm32h7xx_hal_pwr.o
LOAD ./Drivers/STM32H7xx_HAL_Driver/stm32h7xx_hal_pwr_ex.o
LOAD ./Drivers/STM32H7xx_HAL_Driver/stm32h7xx_hal_rcc.o
LOAD ./Drivers/STM32H7xx_HAL_Driver/stm32h7xx_hal_rcc_ex.o
LOAD ./Drivers/STM32H7xx_HAL_Driver/stm32h7xx_hal_tim.o
LOAD ./Drivers/STM32H7xx_HAL_Driver/stm32h7xx_hal_tim_ex.o
START GROUP
LOAD C:/ST/STM32CubeIDE_1.13.1/STM32CubeIDE/plugins/com.st.stm32cube.ide.mcu.externaltools.gnu-tools-for-stm32.11.3.rel1.win32_1.1.0.202305231506/tools/bin/../lib/gcc/arm-none-eabi/11.3.1/../../../../arm-none-eabi/lib/thumb/v7e-m+dp/hard\libc_nano.a
LOAD C:/ST/STM32CubeIDE_1.13.1/STM32CubeIDE/plugins/com.st.stm32cube.ide.mcu.externaltools.gnu-tools-for-stm32.11.3.rel1.win32_1.1.0.202305231506/tools/bin/../lib/gcc/arm-none-eabi/11.3.1/../../../../arm-none-eabi/lib/thumb/v7e-m+dp/hard\libm.a
END GROUP
START GROUP
LOAD C:/ST/STM32CubeIDE_1.13.1/STM32CubeIDE/plugins/com.st.stm32cube.ide.mcu.externaltools.gnu-tools-for-stm32.11.3.rel1.win32_1.1.0.202305231506/tools/bin/../lib/gcc/arm-none-eabi/11.3.1/thumb/v7e-m+dp/hard\libgcc.a
LOAD C:/ST/STM32CubeIDE_1.13.1/STM32CubeIDE/plugins/com.st.stm32cube.ide.mcu.externaltools.gnu-tools-for-stm32.11.3.rel1.win32_1.1.0.202305231506/tools/bin/../lib/gcc/arm-none-eabi/11.3.1/../../../../arm-none-eabi/lib/thumb/v7e-m+dp/hard\libc_nano.a
END GROUP
START GROUP
LOAD C:/ST/STM32CubeIDE_1.13.1/STM32CubeIDE/plugins/com.st.stm32cube.ide.mcu.externaltools.gnu-tools-for-stm32.11.3.rel1.win32_1.1.0.202305231506/tools/bin/../lib/gcc/arm-none-eabi/11.3.1/thumb/v7e-m+dp/hard\libgcc.a
LOAD C:/ST/STM32CubeIDE_1.13.1/STM32CubeIDE/plugins/com.st.stm32cube.ide.mcu.externaltools.gnu-tools-for-stm32.11.3.rel1.win32_1.1.0.202305231506/tools/bin/../lib/gcc/arm-none-eabi/11.3.1/../../../../arm-none-eabi/lib/thumb/v7e-m+dp/hard\libc_nano.a
LOAD C:/ST/STM32CubeIDE_1.13.1/STM32CubeIDE/plugins/com.st.stm32cube.ide.mcu.externaltools.gnu-tools-for-stm32.11.3.rel1.win32_1.1.0.202305231506/tools/bin/../lib/gcc/arm-none-eabi/11.3.1/../../../../arm-none-eabi/lib/thumb/v7e-m+dp/hard\libnosys.a
END GROUP
START GROUP
LOAD C:/ST/STM32CubeIDE_1.13.1/STM32CubeIDE/plugins/com.st.stm32cube.ide.mcu.externaltools.gnu-tools-for-stm32.11.3.rel1.win32_1.1.0.202305231506/tools/bin/../lib/gcc/arm-none-eabi/11.3.1/thumb/v7e-m+dp/hard\libgcc.a
LOAD C:/ST/STM32CubeIDE_1.13.1/STM32CubeIDE/plugins/com.st.stm32cube.ide.mcu.externaltools.gnu-tools-for-stm32.11.3.rel1.win32_1.1.0.202305231506/tools/bin/../lib/gcc/arm-none-eabi/11.3.1/../../../../arm-none-eabi/lib/thumb/v7e-m+dp/hard\libc_nano.a
LOAD C:/ST/STM32CubeIDE_1.13.1/STM32CubeIDE/plugins/com.st.stm32cube.ide.mcu.externaltools.gnu-tools-for-stm32.11.3.rel1.win32_1.1.0.202305231506/tools/bin/../lib/gcc/arm-none-eabi/11.3.1/../../../../arm-none-eabi/lib/thumb/v7e-m+dp/hard\libnosys.a
END GROUP
LOAD C:/ST/STM32CubeIDE_1.13.1/STM32CubeIDE/plugins/com.st.stm32cube.ide.mcu.externaltools.gnu-tools-for-stm32.11.3.rel1.win32_1.1.0.202305231506/tools/bin/../lib/gcc/arm-none-eabi/11.3.1/thumb/v7e-m+dp/hard/crtend.o
LOAD C:/ST/STM32CubeIDE_1.13.1/STM32CubeIDE/plugins/com.st.stm32cube.ide.mcu.externaltools.gnu-tools-for-stm32.11.3.rel1.win32_1.1.0.202305231506/tools/bin/../lib/gcc/arm-none-eabi/11.3.1/thumb/v7e-m+dp/hard/crtn.o
                0x0000000024080000                _estack = (ORIGIN (RAM_D1) + LENGTH (RAM_D1))
                0x0000000000000200                _Min_Heap_Size = 0x200
                0x0000000000000400                _Min_Stack_Size = 0x400

.isr_vector     0x0000000008000000      0x298
                0x0000000008000000                . = ALIGN (0x4)
 *(.isr_vector)
 .isr_vector    0x0000000008000000      0x298 ./Core/Startup/startup_stm32h755zitx.o
                0x0000000008000000                g_pfnVectors
                0x0000000008000298                . = ALIGN (0x4)

.text           0x0000000008000298     0x3660
                0x0000000008000298                . = ALIGN (0x4)
 *(.text)
 .text          0x0000000008000298       0x40 C:/ST/STM32CubeIDE_1.13.1/STM32CubeIDE/plugins/com.st.stm32cube.ide.mcu.externaltools.gnu-tools-for-stm32.11.3.rel1.win32_1.1.0.202305231506/tools/bin/../lib/gcc/arm-none-eabi/11.3.1/thumb/v7e-m+dp/hard/crtbegin.o
 *(.text*)
 .text.SystemInit
                0x00000000080002d8      0x12c ./Common/Src/system_stm32h7xx_dualcore_boot_cm4_cm7.o
                0x00000000080002d8                SystemInit
 .text.main     0x0000000008000404       0xf4 ./Core/Src/main.o
                0x0000000008000404                main
 .text.SystemClock_Config
                0x00000000080004f8       0xd4 ./Core/Src/main.o
                0x00000000080004f8                SystemClock_Config
 .text.MX_TIM1_Init
                0x00000000080005cc      0x150 ./Core/Src/main.o
 .text.MX_TIM2_Init
                0x000000000800071c      0x124 ./Core/Src/main.o
 .text.MX_TIM3_Init
                0x0000000008000840      0x120 ./Core/Src/main.o
 .text.MX_TIM4_Init
                0x0000000008000960       0xf8 ./Core/Src/main.o
 .text.MX_GPIO_Init
                0x0000000008000a58       0x70 ./Core/Src/main.o
 .text.Error_Handler
                0x0000000008000ac8        0xa ./Core/Src/main.o
                0x0000000008000ac8                Error_Handler
 *fill*         0x0000000008000ad2        0x2 
 .text.HAL_MspInit
                0x0000000008000ad4       0x34 ./Core/Src/stm32h7xx_hal_msp.o
                0x0000000008000ad4                HAL_MspInit
 .text.HAL_TIM_PWM_MspInit
                0x0000000008000b08       0x44 ./Core/Src/stm32h7xx_hal_msp.o
                0x0000000008000b08                HAL_TIM_PWM_MspInit
 .text.HAL_TIM_Base_MspInit
                0x0000000008000b4c       0x9c ./Core/Src/stm32h7xx_hal_msp.o
                0x0000000008000b4c                HAL_TIM_Base_MspInit
 .text.HAL_TIM_MspPostInit
                0x0000000008000be8      0x168 ./Core/Src/stm32h7xx_hal_msp.o
                0x0000000008000be8                HAL_TIM_MspPostInit
 .text.NMI_Handler
                0x0000000008000d50        0x6 ./Core/Src/stm32h7xx_it.o
                0x0000000008000d50                NMI_Handler
 .text.HardFault_Handler
                0x0000000008000d56        0x6 ./Core/Src/stm32h7xx_it.o
                0x0000000008000d56                HardFault_Handler
 .text.MemManage_Handler
                0x0000000008000d5c        0x6 ./Core/Src/stm32h7xx_it.o
                0x0000000008000d5c                MemManage_Handler
 .text.BusFault_Handler
                0x0000000008000d62        0x6 ./Core/Src/stm32h7xx_it.o
                0x0000000008000d62                BusFault_Handler
 .text.UsageFault_Handler
                0x0000000008000d68        0x6 ./Core/Src/stm32h7xx_it.o
                0x0000000008000d68                UsageFault_Handler
 .text.SVC_Handler
                0x0000000008000d6e        0xe ./Core/Src/stm32h7xx_it.o
                0x0000000008000d6e                SVC_Handler
 .text.DebugMon_Handler
                0x0000000008000d7c        0xe ./Core/Src/stm32h7xx_it.o
                0x0000000008000d7c                DebugMon_Handler
 .text.PendSV_Handler
                0x0000000008000d8a        0xe ./Core/Src/stm32h7xx_it.o
                0x0000000008000d8a                PendSV_Handler
 .text.SysTick_Handler
                0x0000000008000d98        0xc ./Core/Src/stm32h7xx_it.o
                0x0000000008000d98                SysTick_Handler
 .text.Reset_Handler
                0x0000000008000da4       0x50 ./Core/Startup/startup_stm32h755zitx.o
                0x0000000008000da4                Reset_Handler
 .text.Default_Handler
                0x0000000008000df4        0x2 ./Core/Startup/startup_stm32h755zitx.o
                0x0000000008000df4                RTC_Alarm_IRQHandler
                0x0000000008000df4                HASH_RNG_IRQHandler
                0x0000000008000df4                EXTI2_IRQHandler
                0x0000000008000df4                TIM8_CC_IRQHandler
                0x0000000008000df4                HRTIM1_Master_IRQHandler
                0x0000000008000df4                UART8_IRQHandler
                0x0000000008000df4                SPI4_IRQHandler
                0x0000000008000df4                TIM1_CC_IRQHandler
                0x0000000008000df4                BDMA_Channel6_IRQHandler
                0x0000000008000df4                DMA2_Stream5_IRQHandler
                0x0000000008000df4                HRTIM1_FLT_IRQHandler
                0x0000000008000df4                JPEG_IRQHandler
                0x0000000008000df4                DMA1_Stream5_IRQHandler
                0x0000000008000df4                BDMA_Channel1_IRQHandler
                0x0000000008000df4                HRTIM1_TIMD_IRQHandler
                0x0000000008000df4                TAMP_STAMP_IRQHandler
                0x0000000008000df4                EXTI3_IRQHandler
                0x0000000008000df4                LPTIM4_IRQHandler
                0x0000000008000df4                TIM8_TRG_COM_TIM14_IRQHandler
                0x0000000008000df4                LPTIM2_IRQHandler
                0x0000000008000df4                DFSDM1_FLT1_IRQHandler
                0x0000000008000df4                DMAMUX2_OVR_IRQHandler
                0x0000000008000df4                TIM8_UP_TIM13_IRQHandler
                0x0000000008000df4                I2C3_ER_IRQHandler
                0x0000000008000df4                DFSDM1_FLT2_IRQHandler
                0x0000000008000df4                MDMA_IRQHandler
                0x0000000008000df4                LPTIM3_IRQHandler
                0x0000000008000df4                HSEM1_IRQHandler
                0x0000000008000df4                EXTI0_IRQHandler
                0x0000000008000df4                I2C2_EV_IRQHandler
                0x0000000008000df4                DMA1_Stream2_IRQHandler
                0x0000000008000df4                FPU_IRQHandler
                0x0000000008000df4                OTG_HS_WKUP_IRQHandler
                0x0000000008000df4                FDCAN1_IT1_IRQHandler
                0x0000000008000df4                LTDC_ER_IRQHandler
                0x0000000008000df4                DMA2_Stream2_IRQHandler
                0x0000000008000df4                HRTIM1_TIME_IRQHandler
                0x0000000008000df4                SPI1_IRQHandler
                0x0000000008000df4                TIM6_DAC_IRQHandler
                0x0000000008000df4                DCMI_IRQHandler
                0x0000000008000df4                HRTIM1_TIMC_IRQHandler
                0x0000000008000df4                DMA2_Stream3_IRQHandler
                0x0000000008000df4                SAI2_IRQHandler
                0x0000000008000df4                DFSDM1_FLT3_IRQHandler
                0x0000000008000df4                USART6_IRQHandler
                0x0000000008000df4                TIM17_IRQHandler
                0x0000000008000df4                USART3_IRQHandler
                0x0000000008000df4                BDMA_Channel7_IRQHandler
                0x0000000008000df4                CRYP_IRQHandler
                0x0000000008000df4                LPTIM5_IRQHandler
                0x0000000008000df4                UART5_IRQHandler
                0x0000000008000df4                ADC3_IRQHandler
                0x0000000008000df4                DMA2_Stream0_IRQHandler
                0x0000000008000df4                TIM4_IRQHandler
                0x0000000008000df4                BDMA_Channel2_IRQHandler
                0x0000000008000df4                QUADSPI_IRQHandler
                0x0000000008000df4                I2C1_EV_IRQHandler
                0x0000000008000df4                DMA1_Stream6_IRQHandler
                0x0000000008000df4                DMAMUX1_OVR_IRQHandler
                0x0000000008000df4                DMA1_Stream1_IRQHandler
                0x0000000008000df4                TIM16_IRQHandler
                0x0000000008000df4                UART4_IRQHandler
                0x0000000008000df4                BDMA_Channel5_IRQHandler
                0x0000000008000df4                TIM3_IRQHandler
                0x0000000008000df4                RCC_IRQHandler
                0x0000000008000df4                TIM8_BRK_TIM12_IRQHandler
                0x0000000008000df4                TIM1_TRG_COM_IRQHandler
                0x0000000008000df4                Default_Handler
                0x0000000008000df4                ECC_IRQHandler
                0x0000000008000df4                CEC_IRQHandler
                0x0000000008000df4                EXTI15_10_IRQHandler
                0x0000000008000df4                BDMA_Channel0_IRQHandler
                0x0000000008000df4                ADC_IRQHandler
                0x0000000008000df4                DMA1_Stream7_IRQHandler
                0x0000000008000df4                HRTIM1_TIMA_IRQHandler
                0x0000000008000df4                SPI5_IRQHandler
                0x0000000008000df4                TIM7_IRQHandler
                0x0000000008000df4                SDMMC1_IRQHandler
                0x0000000008000df4                TIM5_IRQHandler
                0x0000000008000df4                DMA2_Stream7_IRQHandler
                0x0000000008000df4                TIM15_IRQHandler
                0x0000000008000df4                PVD_AVD_IRQHandler
                0x0000000008000df4                I2C3_EV_IRQHandler
                0x0000000008000df4                EXTI9_5_IRQHandler
                0x0000000008000df4                RTC_WKUP_IRQHandler
                0x0000000008000df4                LTDC_IRQHandler
                0x0000000008000df4                SAI3_IRQHandler
                0x0000000008000df4                ETH_WKUP_IRQHandler
                0x0000000008000df4                SPDIF_RX_IRQHandler
                0x0000000008000df4                SPI2_IRQHandler
                0x0000000008000df4                OTG_HS_EP1_IN_IRQHandler
                0x0000000008000df4                DMA1_Stream0_IRQHandler
                0x0000000008000df4                CRS_IRQHandler
                0x0000000008000df4                CM7_SEV_IRQHandler
                0x0000000008000df4                EXTI4_IRQHandler
                0x0000000008000df4                CM4_SEV_IRQHandler
                0x0000000008000df4                HRTIM1_TIMB_IRQHandler
                0x0000000008000df4                FDCAN2_IT1_IRQHandler
                0x0000000008000df4                ETH_IRQHandler
                0x0000000008000df4                TIM1_UP_IRQHandler
                0x0000000008000df4                WWDG_RST_IRQHandler
                0x0000000008000df4                BDMA_Channel4_IRQHandler
                0x0000000008000df4                OTG_HS_EP1_OUT_IRQHandler
                0x0000000008000df4                WWDG_IRQHandler
                0x0000000008000df4                SPI6_IRQHandler
                0x0000000008000df4                MDIOS_IRQHandler
                0x0000000008000df4                I2C4_EV_IRQHandler
                0x0000000008000df4                FDCAN2_IT0_IRQHandler
                0x0000000008000df4                LPUART1_IRQHandler
                0x0000000008000df4                FDCAN1_IT0_IRQHandler
                0x0000000008000df4                TIM2_IRQHandler
                0x0000000008000df4                OTG_FS_WKUP_IRQHandler
                0x0000000008000df4                OTG_HS_IRQHandler
                0x0000000008000df4                HSEM2_IRQHandler
                0x0000000008000df4                DMA2D_IRQHandler
                0x0000000008000df4                TIM1_BRK_IRQHandler
                0x0000000008000df4                EXTI1_IRQHandler
                0x0000000008000df4                SDMMC2_IRQHandler
                0x0000000008000df4                OTG_FS_EP1_OUT_IRQHandler
                0x0000000008000df4                BDMA_Channel3_IRQHandler
                0x0000000008000df4                HOLD_CORE_IRQHandler
                0x0000000008000df4                UART7_IRQHandler
                0x0000000008000df4                MDIOS_WKUP_IRQHandler
                0x0000000008000df4                USART2_IRQHandler
                0x0000000008000df4                DFSDM1_FLT0_IRQHandler
                0x0000000008000df4                SAI4_IRQHandler
                0x0000000008000df4                I2C2_ER_IRQHandler
                0x0000000008000df4                DMA2_Stream1_IRQHandler
                0x0000000008000df4                FLASH_IRQHandler
                0x0000000008000df4                DMA2_Stream4_IRQHandler
                0x0000000008000df4                USART1_IRQHandler
                0x0000000008000df4                OTG_FS_IRQHandler
                0x0000000008000df4                SPI3_IRQHandler
                0x0000000008000df4                WAKEUP_PIN_IRQHandler
                0x0000000008000df4                DMA1_Stream4_IRQHandler
                0x0000000008000df4                OTG_FS_EP1_IN_IRQHandler
                0x0000000008000df4                I2C1_ER_IRQHandler
                0x0000000008000df4                FMC_IRQHandler
                0x0000000008000df4                FDCAN_CAL_IRQHandler
                0x0000000008000df4                SWPMI1_IRQHandler
                0x0000000008000df4                COMP1_IRQHandler
                0x0000000008000df4                LPTIM1_IRQHandler
                0x0000000008000df4                I2C4_ER_IRQHandler
                0x0000000008000df4                DMA2_Stream6_IRQHandler
                0x0000000008000df4                SAI1_IRQHandler
                0x0000000008000df4                DMA1_Stream3_IRQHandler
 *fill*         0x0000000008000df6        0x2 
 .text.HAL_Init
                0x0000000008000df8       0x78 ./Drivers/STM32H7xx_HAL_Driver/stm32h7xx_hal.o
                0x0000000008000df8                HAL_Init
 .text.HAL_InitTick
                0x0000000008000e70       0x6c ./Drivers/STM32H7xx_HAL_Driver/stm32h7xx_hal.o
                0x0000000008000e70                HAL_InitTick
 .text.HAL_IncTick
                0x0000000008000edc       0x28 ./Drivers/STM32H7xx_HAL_Driver/stm32h7xx_hal.o
                0x0000000008000edc                HAL_IncTick
 .text.HAL_GetTick
                0x0000000008000f04       0x18 ./Drivers/STM32H7xx_HAL_Driver/stm32h7xx_hal.o
                0x0000000008000f04                HAL_GetTick
 .text.HAL_GetREVID
                0x0000000008000f1c       0x18 ./Drivers/STM32H7xx_HAL_Driver/stm32h7xx_hal.o
                0x0000000008000f1c                HAL_GetREVID
 .text.__NVIC_SetPriorityGrouping
                0x0000000008000f34       0x48 ./Drivers/STM32H7xx_HAL_Driver/stm32h7xx_hal_cortex.o
 .text.__NVIC_GetPriorityGrouping
                0x0000000008000f7c       0x1c ./Drivers/STM32H7xx_HAL_Driver/stm32h7xx_hal_cortex.o
 .text.__NVIC_SetPriority
                0x0000000008000f98       0x54 ./Drivers/STM32H7xx_HAL_Driver/stm32h7xx_hal_cortex.o
 .text.NVIC_EncodePriority
                0x0000000008000fec       0x66 ./Drivers/STM32H7xx_HAL_Driver/stm32h7xx_hal_cortex.o
 *fill*         0x0000000008001052        0x2 
 .text.SysTick_Config
                0x0000000008001054       0x44 ./Drivers/STM32H7xx_HAL_Driver/stm32h7xx_hal_cortex.o
 .text.HAL_NVIC_SetPriorityGrouping
                0x0000000008001098       0x16 ./Drivers/STM32H7xx_HAL_Driver/stm32h7xx_hal_cortex.o
                0x0000000008001098                HAL_NVIC_SetPriorityGrouping
 .text.HAL_NVIC_SetPriority
                0x00000000080010ae       0x34 ./Drivers/STM32H7xx_HAL_Driver/stm32h7xx_hal_cortex.o
                0x00000000080010ae                HAL_NVIC_SetPriority
 .text.HAL_SYSTICK_Config
                0x00000000080010e2       0x18 ./Drivers/STM32H7xx_HAL_Driver/stm32h7xx_hal_cortex.o
                0x00000000080010e2                HAL_SYSTICK_Config
 *fill*         0x00000000080010fa        0x2 
 .text.HAL_GPIO_Init
                0x00000000080010fc      0x360 ./Drivers/STM32H7xx_HAL_Driver/stm32h7xx_hal_gpio.o
                0x00000000080010fc                HAL_GPIO_Init
 .text.HAL_HSEM_FastTake
                0x000000000800145c       0x34 ./Drivers/STM32H7xx_HAL_Driver/stm32h7xx_hal_hsem.o
                0x000000000800145c                HAL_HSEM_FastTake
 .text.HAL_HSEM_Release
                0x0000000008001490       0x28 ./Drivers/STM32H7xx_HAL_Driver/stm32h7xx_hal_hsem.o
                0x0000000008001490                HAL_HSEM_Release
 .text.HAL_PWREx_ConfigSupply
                0x00000000080014b8       0xb4 ./Drivers/STM32H7xx_HAL_Driver/stm32h7xx_hal_pwr_ex.o
                0x00000000080014b8                HAL_PWREx_ConfigSupply
 .text.HAL_RCC_OscConfig
                0x000000000800156c      0x8b4 ./Drivers/STM32H7xx_HAL_Driver/stm32h7xx_hal_rcc.o
                0x000000000800156c                HAL_RCC_OscConfig
 .text.HAL_RCC_ClockConfig
                0x0000000008001e20      0x36c ./Drivers/STM32H7xx_HAL_Driver/stm32h7xx_hal_rcc.o
                0x0000000008001e20                HAL_RCC_ClockConfig
 .text.HAL_RCC_GetSysClockFreq
                0x000000000800218c      0x2f4 ./Drivers/STM32H7xx_HAL_Driver/stm32h7xx_hal_rcc.o
                0x000000000800218c                HAL_RCC_GetSysClockFreq
 .text.HAL_TIM_Base_Init
                0x0000000008002480       0xae ./Drivers/STM32H7xx_HAL_Driver/stm32h7xx_hal_tim.o
                0x0000000008002480                HAL_TIM_Base_Init
 .text.HAL_TIM_OC_Init
                0x000000000800252e       0xae ./Drivers/STM32H7xx_HAL_Driver/stm32h7xx_hal_tim.o
                0x000000000800252e                HAL_TIM_OC_Init
 .text.HAL_TIM_OC_MspInit
                0x00000000080025dc       0x14 ./Drivers/STM32H7xx_HAL_Driver/stm32h7xx_hal_tim.o
                0x00000000080025dc                HAL_TIM_OC_MspInit
 .text.HAL_TIM_PWM_Init
                0x00000000080025f0       0xae ./Drivers/STM32H7xx_HAL_Driver/stm32h7xx_hal_tim.o
                0x00000000080025f0                HAL_TIM_PWM_Init
 *fill*         0x000000000800269e        0x2 
 .text.HAL_TIM_PWM_Start
                0x00000000080026a0      0x21c ./Drivers/STM32H7xx_HAL_Driver/stm32h7xx_hal_tim.o
                0x00000000080026a0                HAL_TIM_PWM_Start
 .text.HAL_TIM_OC_ConfigChannel
                0x00000000080028bc       0xf4 ./Drivers/STM32H7xx_HAL_Driver/stm32h7xx_hal_tim.o
                0x00000000080028bc                HAL_TIM_OC_ConfigChannel
 .text.HAL_TIM_PWM_ConfigChannel
                0x00000000080029b0      0x228 ./Drivers/STM32H7xx_HAL_Driver/stm32h7xx_hal_tim.o
                0x00000000080029b0                HAL_TIM_PWM_ConfigChannel
 .text.HAL_TIM_SlaveConfigSynchro
                0x0000000008002bd8       0x84 ./Drivers/STM32H7xx_HAL_Driver/stm32h7xx_hal_tim.o
                0x0000000008002bd8                HAL_TIM_SlaveConfigSynchro
 .text.TIM_Base_SetConfig
                0x0000000008002c5c      0x14c ./Drivers/STM32H7xx_HAL_Driver/stm32h7xx_hal_tim.o
                0x0000000008002c5c                TIM_Base_SetConfig
 .text.TIM_OC1_SetConfig
                0x0000000008002da8      0x120 ./Drivers/STM32H7xx_HAL_Driver/stm32h7xx_hal_tim.o
 .text.TIM_OC2_SetConfig
                0x0000000008002ec8      0x114 ./Drivers/STM32H7xx_HAL_Driver/stm32h7xx_hal_tim.o
                0x0000000008002ec8                TIM_OC2_SetConfig
 .text.TIM_OC3_SetConfig
                0x0000000008002fdc      0x110 ./Drivers/STM32H7xx_HAL_Driver/stm32h7xx_hal_tim.o
 .text.TIM_OC4_SetConfig
                0x00000000080030ec       0xd4 ./Drivers/STM32H7xx_HAL_Driver/stm32h7xx_hal_tim.o
 .text.TIM_OC5_SetConfig
                0x00000000080031c0       0xc8 ./Drivers/STM32H7xx_HAL_Driver/stm32h7xx_hal_tim.o
 .text.TIM_OC6_SetConfig
                0x0000000008003288       0xcc ./Drivers/STM32H7xx_HAL_Driver/stm32h7xx_hal_tim.o
 .text.TIM_SlaveTimer_SetConfig
                0x0000000008003354      0x1d4 ./Drivers/STM32H7xx_HAL_Driver/stm32h7xx_hal_tim.o
 .text.TIM_TI1_ConfigInputStage
                0x0000000008003528       0x5e ./Drivers/STM32H7xx_HAL_Driver/stm32h7xx_hal_tim.o
 .text.TIM_TI2_ConfigInputStage
                0x0000000008003586       0x60 ./Drivers/STM32H7xx_HAL_Driver/stm32h7xx_hal_tim.o
 .text.TIM_ETR_SetConfig
                0x00000000080035e6       0x40 ./Drivers/STM32H7xx_HAL_Driver/stm32h7xx_hal_tim.o
                0x00000000080035e6                TIM_ETR_SetConfig
 .text.TIM_CCxChannelCmd
                0x0000000008003626       0x4a ./Drivers/STM32H7xx_HAL_Driver/stm32h7xx_hal_tim.o
                0x0000000008003626                TIM_CCxChannelCmd
 .text.HAL_TIMEx_MasterConfigSynchronization
                0x0000000008003670      0x11c ./Drivers/STM32H7xx_HAL_Driver/stm32h7xx_hal_tim_ex.o
                0x0000000008003670                HAL_TIMEx_MasterConfigSynchronization
 .text.HAL_TIMEx_ConfigBreakDeadTime
                0x000000000800378c       0xfc ./Drivers/STM32H7xx_HAL_Driver/stm32h7xx_hal_tim_ex.o
                0x000000000800378c                HAL_TIMEx_ConfigBreakDeadTime
 .text.memset   0x0000000008003888       0x10 C:/ST/STM32CubeIDE_1.13.1/STM32CubeIDE/plugins/com.st.stm32cube.ide.mcu.externaltools.gnu-tools-for-stm32.11.3.rel1.win32_1.1.0.202305231506/tools/bin/../lib/gcc/arm-none-eabi/11.3.1/../../../../arm-none-eabi/lib/thumb/v7e-m+dp/hard\libc_nano.a(libc_a-memset.o)
                0x0000000008003888                memset
 .text.__libc_init_array
                0x0000000008003898       0x48 C:/ST/STM32CubeIDE_1.13.1/STM32CubeIDE/plugins/com.st.stm32cube.ide.mcu.externaltools.gnu-tools-for-stm32.11.3.rel1.win32_1.1.0.202305231506/tools/bin/../lib/gcc/arm-none-eabi/11.3.1/../../../../arm-none-eabi/lib/thumb/v7e-m+dp/hard\libc_nano.a(libc_a-init.o)
                0x0000000008003898                __libc_init_array
 *(.glue_7)
 .glue_7        0x00000000080038e0        0x0 linker stubs
 *(.glue_7t)
 .glue_7t       0x00000000080038e0        0x0 linker stubs
 *(.eh_frame)
 .eh_frame      0x00000000080038e0        0x0 C:/ST/STM32CubeIDE_1.13.1/STM32CubeIDE/plugins/com.st.stm32cube.ide.mcu.externaltools.gnu-tools-for-stm32.11.3.rel1.win32_1.1.0.202305231506/tools/bin/../lib/gcc/arm-none-eabi/11.3.1/thumb/v7e-m+dp/hard/crtbegin.o
 *(.init)
 .init          0x00000000080038e0        0x4 C:/ST/STM32CubeIDE_1.13.1/STM32CubeIDE/plugins/com.st.stm32cube.ide.mcu.externaltools.gnu-tools-for-stm32.11.3.rel1.win32_1.1.0.202305231506/tools/bin/../lib/gcc/arm-none-eabi/11.3.1/thumb/v7e-m+dp/hard/crti.o
                0x00000000080038e0                _init
 .init          0x00000000080038e4        0x8 C:/ST/STM32CubeIDE_1.13.1/STM32CubeIDE/plugins/com.st.stm32cube.ide.mcu.externaltools.gnu-tools-for-stm32.11.3.rel1.win32_1.1.0.202305231506/tools/bin/../lib/gcc/arm-none-eabi/11.3.1/thumb/v7e-m+dp/hard/crtn.o
 *(.fini)
 .fini          0x00000000080038ec        0x4 C:/ST/STM32CubeIDE_1.13.1/STM32CubeIDE/plugins/com.st.stm32cube.ide.mcu.externaltools.gnu-tools-for-stm32.11.3.rel1.win32_1.1.0.202305231506/tools/bin/../lib/gcc/arm-none-eabi/11.3.1/thumb/v7e-m+dp/hard/crti.o
                0x00000000080038ec                _fini
 .fini          0x00000000080038f0        0x8 C:/ST/STM32CubeIDE_1.13.1/STM32CubeIDE/plugins/com.st.stm32cube.ide.mcu.externaltools.gnu-tools-for-stm32.11.3.rel1.win32_1.1.0.202305231506/tools/bin/../lib/gcc/arm-none-eabi/11.3.1/thumb/v7e-m+dp/hard/crtn.o
                0x00000000080038f8                . = ALIGN (0x4)
                0x00000000080038f8                _etext = .

.vfp11_veneer   0x00000000080038f8        0x0
 .vfp11_veneer  0x00000000080038f8        0x0 linker stubs

.v4_bx          0x00000000080038f8        0x0
 .v4_bx         0x00000000080038f8        0x0 linker stubs

.iplt           0x00000000080038f8        0x0
 .iplt          0x00000000080038f8        0x0 C:/ST/STM32CubeIDE_1.13.1/STM32CubeIDE/plugins/com.st.stm32cube.ide.mcu.externaltools.gnu-tools-for-stm32.11.3.rel1.win32_1.1.0.202305231506/tools/bin/../lib/gcc/arm-none-eabi/11.3.1/thumb/v7e-m+dp/hard/crtbegin.o

.rodata         0x00000000080038f8       0x10
                0x00000000080038f8                . = ALIGN (0x4)
 *(.rodata)
 *(.rodata*)
 .rodata.D1CorePrescTable
                0x00000000080038f8       0x10 ./Common/Src/system_stm32h7xx_dualcore_boot_cm4_cm7.o
                0x00000000080038f8                D1CorePrescTable
                0x0000000008003908                . = ALIGN (0x4)

.rel.dyn        0x0000000008003908        0x0
 .rel.iplt      0x0000000008003908        0x0 C:/ST/STM32CubeIDE_1.13.1/STM32CubeIDE/plugins/com.st.stm32cube.ide.mcu.externaltools.gnu-tools-for-stm32.11.3.rel1.win32_1.1.0.202305231506/tools/bin/../lib/gcc/arm-none-eabi/11.3.1/thumb/v7e-m+dp/hard/crtbegin.o

.ARM.extab      0x0000000008003908        0x0
                0x0000000008003908                . = ALIGN (0x4)
 *(.ARM.extab* .gnu.linkonce.armextab.*)
                0x0000000008003908                . = ALIGN (0x4)

.ARM            0x0000000008003908        0x0
                0x0000000008003908                . = ALIGN (0x4)
                0x0000000008003908                __exidx_start = .
 *(.ARM.exidx*)
                0x0000000008003908                __exidx_end = .
                0x0000000008003908                . = ALIGN (0x4)

.preinit_array  0x0000000008003908        0x0
                0x0000000008003908                . = ALIGN (0x4)
                0x0000000008003908                PROVIDE (__preinit_array_start = .)
 *(.preinit_array*)
                0x0000000008003908                PROVIDE (__preinit_array_end = .)
                0x0000000008003908                . = ALIGN (0x4)

.init_array     0x0000000008003908        0x4
                0x0000000008003908                . = ALIGN (0x4)
                0x0000000008003908                PROVIDE (__init_array_start = .)
 *(SORT_BY_NAME(.init_array.*))
 *(.init_array*)
 .init_array    0x0000000008003908        0x4 C:/ST/STM32CubeIDE_1.13.1/STM32CubeIDE/plugins/com.st.stm32cube.ide.mcu.externaltools.gnu-tools-for-stm32.11.3.rel1.win32_1.1.0.202305231506/tools/bin/../lib/gcc/arm-none-eabi/11.3.1/thumb/v7e-m+dp/hard/crtbegin.o
                0x000000000800390c                PROVIDE (__init_array_end = .)
                0x000000000800390c                . = ALIGN (0x4)

.fini_array     0x000000000800390c        0x4
                0x000000000800390c                . = ALIGN (0x4)
                [!provide]                        PROVIDE (__fini_array_start = .)
 *(SORT_BY_NAME(.fini_array.*))
 *(.fini_array*)
 .fini_array    0x000000000800390c        0x4 C:/ST/STM32CubeIDE_1.13.1/STM32CubeIDE/plugins/com.st.stm32cube.ide.mcu.externaltools.gnu-tools-for-stm32.11.3.rel1.win32_1.1.0.202305231506/tools/bin/../lib/gcc/arm-none-eabi/11.3.1/thumb/v7e-m+dp/hard/crtbegin.o
                [!provide]                        PROVIDE (__fini_array_end = .)
                0x0000000008003910                . = ALIGN (0x4)
                0x0000000008003910                _sidata = LOADADDR (.data)

.data           0x0000000024000000       0x10 load address 0x0000000008003910
                0x0000000024000000                . = ALIGN (0x4)
                0x0000000024000000                _sdata = .
 *(.data)
 *(.data*)
 .data.SystemCoreClock
                0x0000000024000000        0x4 ./Common/Src/system_stm32h7xx_dualcore_boot_cm4_cm7.o
                0x0000000024000000                SystemCoreClock
 .data.SystemD2Clock
                0x0000000024000004        0x4 ./Common/Src/system_stm32h7xx_dualcore_boot_cm4_cm7.o
                0x0000000024000004                SystemD2Clock
 .data.uwTickPrio
                0x0000000024000008        0x4 ./Drivers/STM32H7xx_HAL_Driver/stm32h7xx_hal.o
                0x0000000024000008                uwTickPrio
 .data.uwTickFreq
                0x000000002400000c        0x1 ./Drivers/STM32H7xx_HAL_Driver/stm32h7xx_hal.o
                0x000000002400000c                uwTickFreq
 *(.RamFunc)
 *(.RamFunc*)
                0x0000000024000010                . = ALIGN (0x4)
 *fill*         0x000000002400000d        0x3 
                0x0000000024000010                _edata = .

.igot.plt       0x0000000024000010        0x0 load address 0x0000000008003920
 .igot.plt      0x0000000024000010        0x0 C:/ST/STM32CubeIDE_1.13.1/STM32CubeIDE/plugins/com.st.stm32cube.ide.mcu.externaltools.gnu-tools-for-stm32.11.3.rel1.win32_1.1.0.202305231506/tools/bin/../lib/gcc/arm-none-eabi/11.3.1/thumb/v7e-m+dp/hard/crtbegin.o
                0x0000000024000010                . = ALIGN (0x4)

.bss            0x0000000024000010      0x150 load address 0x0000000008003920
                0x0000000024000010                _sbss = .
                0x0000000024000010                __bss_start__ = _sbss
 *(.bss)
 .bss           0x0000000024000010       0x1c C:/ST/STM32CubeIDE_1.13.1/STM32CubeIDE/plugins/com.st.stm32cube.ide.mcu.externaltools.gnu-tools-for-stm32.11.3.rel1.win32_1.1.0.202305231506/tools/bin/../lib/gcc/arm-none-eabi/11.3.1/thumb/v7e-m+dp/hard/crtbegin.o
 *(.bss*)
 .bss.htim1     0x000000002400002c       0x4c ./Core/Src/main.o
                0x000000002400002c                htim1
 .bss.htim2     0x0000000024000078       0x4c ./Core/Src/main.o
                0x0000000024000078                htim2
 .bss.htim3     0x00000000240000c4       0x4c ./Core/Src/main.o
                0x00000000240000c4                htim3
 .bss.htim4     0x0000000024000110       0x4c ./Core/Src/main.o
                0x0000000024000110                htim4
 .bss.uwTick    0x000000002400015c        0x4 ./Drivers/STM32H7xx_HAL_Driver/stm32h7xx_hal.o
                0x000000002400015c                uwTick
 *(COMMON)
                0x0000000024000160                . = ALIGN (0x4)
                0x0000000024000160                _ebss = .
                0x0000000024000160                __bss_end__ = _ebss

._user_heap_stack
                0x0000000024000160      0x600 load address 0x0000000008003920
                0x0000000024000160                . = ALIGN (0x8)
                [!provide]                        PROVIDE (end = .)
                0x0000000024000160                PROVIDE (_end = .)
                0x0000000024000360                . = (. + _Min_Heap_Size)
 *fill*         0x0000000024000160      0x200 
                0x0000000024000760                . = (. + _Min_Stack_Size)
 *fill*         0x0000000024000360      0x400 
                0x0000000024000760                . = ALIGN (0x8)

/DISCARD/
 libc.a(*)
 libm.a(*)
 libgcc.a(*)

.ARM.attributes
                0x0000000000000000       0x2e
 *(.ARM.attributes)
 .ARM.attributes
                0x0000000000000000       0x1e C:/ST/STM32CubeIDE_1.13.1/STM32CubeIDE/plugins/com.st.stm32cube.ide.mcu.externaltools.gnu-tools-for-stm32.11.3.rel1.win32_1.1.0.202305231506/tools/bin/../lib/gcc/arm-none-eabi/11.3.1/thumb/v7e-m+dp/hard/crti.o
 .ARM.attributes
                0x000000000000001e       0x32 C:/ST/STM32CubeIDE_1.13.1/STM32CubeIDE/plugins/com.st.stm32cube.ide.mcu.externaltools.gnu-tools-for-stm32.11.3.rel1.win32_1.1.0.202305231506/tools/bin/../lib/gcc/arm-none-eabi/11.3.1/thumb/v7e-m+dp/hard/crtbegin.o
 .ARM.attributes
                0x0000000000000050       0x32 ./Common/Src/system_stm32h7xx_dualcore_boot_cm4_cm7.o
 .ARM.attributes
                0x0000000000000082       0x32 ./Core/Src/main.o
 .ARM.attributes
                0x00000000000000b4       0x32 ./Core/Src/stm32h7xx_hal_msp.o
 .ARM.attributes
                0x00000000000000e6       0x32 ./Core/Src/stm32h7xx_it.o
 .ARM.attributes
                0x0000000000000118       0x21 ./Core/Startup/startup_stm32h755zitx.o
 .ARM.attributes
                0x0000000000000139       0x32 ./Drivers/STM32H7xx_HAL_Driver/stm32h7xx_hal.o
 .ARM.attributes
                0x000000000000016b       0x32 ./Drivers/STM32H7xx_HAL_Driver/stm32h7xx_hal_cortex.o
 .ARM.attributes
                0x000000000000019d       0x32 ./Drivers/STM32H7xx_HAL_Driver/stm32h7xx_hal_gpio.o
 .ARM.attributes
                0x00000000000001cf       0x32 ./Drivers/STM32H7xx_HAL_Driver/stm32h7xx_hal_hsem.o
 .ARM.attributes
                0x0000000000000201       0x32 ./Drivers/STM32H7xx_HAL_Driver/stm32h7xx_hal_pwr_ex.o
 .ARM.attributes
                0x0000000000000233       0x32 ./Drivers/STM32H7xx_HAL_Driver/stm32h7xx_hal_rcc.o
 .ARM.attributes
                0x0000000000000265       0x32 ./Drivers/STM32H7xx_HAL_Driver/stm32h7xx_hal_tim.o
 .ARM.attributes
                0x0000000000000297       0x32 ./Drivers/STM32H7xx_HAL_Driver/stm32h7xx_hal_tim_ex.o
 .ARM.attributes
                0x00000000000002c9       0x32 C:/ST/STM32CubeIDE_1.13.1/STM32CubeIDE/plugins/com.st.stm32cube.ide.mcu.externaltools.gnu-tools-for-stm32.11.3.rel1.win32_1.1.0.202305231506/tools/bin/../lib/gcc/arm-none-eabi/11.3.1/../../../../arm-none-eabi/lib/thumb/v7e-m+dp/hard\libc_nano.a(libc_a-memset.o)
 .ARM.attributes
                0x00000000000002fb       0x32 C:/ST/STM32CubeIDE_1.13.1/STM32CubeIDE/plugins/com.st.stm32cube.ide.mcu.externaltools.gnu-tools-for-stm32.11.3.rel1.win32_1.1.0.202305231506/tools/bin/../lib/gcc/arm-none-eabi/11.3.1/../../../../arm-none-eabi/lib/thumb/v7e-m+dp/hard\libc_nano.a(libc_a-init.o)
 .ARM.attributes
                0x000000000000032d       0x1e C:/ST/STM32CubeIDE_1.13.1/STM32CubeIDE/plugins/com.st.stm32cube.ide.mcu.externaltools.gnu-tools-for-stm32.11.3.rel1.win32_1.1.0.202305231506/tools/bin/../lib/gcc/arm-none-eabi/11.3.1/thumb/v7e-m+dp/hard/crtn.o
OUTPUT(PWM_Signal_4_CM7.elf elf32-littlearm)
LOAD linker stubs
LOAD C:/ST/STM32CubeIDE_1.13.1/STM32CubeIDE/plugins/com.st.stm32cube.ide.mcu.externaltools.gnu-tools-for-stm32.11.3.rel1.win32_1.1.0.202305231506/tools/bin/../lib/gcc/arm-none-eabi/11.3.1/../../../../arm-none-eabi/lib/thumb/v7e-m+dp/hard\libc.a
LOAD C:/ST/STM32CubeIDE_1.13.1/STM32CubeIDE/plugins/com.st.stm32cube.ide.mcu.externaltools.gnu-tools-for-stm32.11.3.rel1.win32_1.1.0.202305231506/tools/bin/../lib/gcc/arm-none-eabi/11.3.1/../../../../arm-none-eabi/lib/thumb/v7e-m+dp/hard\libm.a
LOAD C:/ST/STM32CubeIDE_1.13.1/STM32CubeIDE/plugins/com.st.stm32cube.ide.mcu.externaltools.gnu-tools-for-stm32.11.3.rel1.win32_1.1.0.202305231506/tools/bin/../lib/gcc/arm-none-eabi/11.3.1/thumb/v7e-m+dp/hard\libgcc.a

.comment        0x0000000000000000       0x43
 .comment       0x0000000000000000       0x43 C:/ST/STM32CubeIDE_1.13.1/STM32CubeIDE/plugins/com.st.stm32cube.ide.mcu.externaltools.gnu-tools-for-stm32.11.3.rel1.win32_1.1.0.202305231506/tools/bin/../lib/gcc/arm-none-eabi/11.3.1/thumb/v7e-m+dp/hard/crtbegin.o
                                         0x44 (size before relaxing)
 .comment       0x0000000000000043       0x44 ./Common/Src/system_stm32h7xx_dualcore_boot_cm4_cm7.o
 .comment       0x0000000000000043       0x44 ./Core/Src/main.o
 .comment       0x0000000000000043       0x44 ./Core/Src/stm32h7xx_hal_msp.o
 .comment       0x0000000000000043       0x44 ./Core/Src/stm32h7xx_it.o
 .comment       0x0000000000000043       0x44 ./Drivers/STM32H7xx_HAL_Driver/stm32h7xx_hal.o
 .comment       0x0000000000000043       0x44 ./Drivers/STM32H7xx_HAL_Driver/stm32h7xx_hal_cortex.o
 .comment       0x0000000000000043       0x44 ./Drivers/STM32H7xx_HAL_Driver/stm32h7xx_hal_gpio.o
 .comment       0x0000000000000043       0x44 ./Drivers/STM32H7xx_HAL_Driver/stm32h7xx_hal_hsem.o
 .comment       0x0000000000000043       0x44 ./Drivers/STM32H7xx_HAL_Driver/stm32h7xx_hal_pwr_ex.o
 .comment       0x0000000000000043       0x44 ./Drivers/STM32H7xx_HAL_Driver/stm32h7xx_hal_rcc.o
 .comment       0x0000000000000043       0x44 ./Drivers/STM32H7xx_HAL_Driver/stm32h7xx_hal_tim.o
 .comment       0x0000000000000043       0x44 ./Drivers/STM32H7xx_HAL_Driver/stm32h7xx_hal_tim_ex.o

.debug_info     0x0000000000000000     0xcff3
 .debug_info    0x0000000000000000      0xdb0 ./Common/Src/system_stm32h7xx_dualcore_boot_cm4_cm7.o
 .debug_info    0x0000000000000db0     0x15b0 ./Core/Src/main.o
 .debug_info    0x0000000000002360      0xe28 ./Core/Src/stm32h7xx_hal_msp.o
 .debug_info    0x0000000000003188      0x128 ./Core/Src/stm32h7xx_it.o
 .debug_info    0x00000000000032b0       0x23 ./Core/Startup/startup_stm32h755zitx.o
 .debug_info    0x00000000000032d3     0x177a ./Drivers/STM32H7xx_HAL_Driver/stm32h7xx_hal.o
 .debug_info    0x0000000000004a4d     0x10d0 ./Drivers/STM32H7xx_HAL_Driver/stm32h7xx_hal_cortex.o
 .debug_info    0x0000000000005b1d      0xcf7 ./Drivers/STM32H7xx_HAL_Driver/stm32h7xx_hal_gpio.o
 .debug_info    0x0000000000006814      0x3d3 ./Drivers/STM32H7xx_HAL_Driver/stm32h7xx_hal_hsem.o
 .debug_info    0x0000000000006be7     0x121b ./Drivers/STM32H7xx_HAL_Driver/stm32h7xx_hal_pwr_ex.o
 .debug_info    0x0000000000007e02      0xe58 ./Drivers/STM32H7xx_HAL_Driver/stm32h7xx_hal_rcc.o
 .debug_info    0x0000000000008c5a     0x2bae ./Drivers/STM32H7xx_HAL_Driver/stm32h7xx_hal_tim.o
 .debug_info    0x000000000000b808     0x17eb ./Drivers/STM32H7xx_HAL_Driver/stm32h7xx_hal_tim_ex.o

.debug_abbrev   0x0000000000000000     0x1aff
 .debug_abbrev  0x0000000000000000      0x14c ./Common/Src/system_stm32h7xx_dualcore_boot_cm4_cm7.o
 .debug_abbrev  0x000000000000014c      0x2de ./Core/Src/main.o
 .debug_abbrev  0x000000000000042a      0x21b ./Core/Src/stm32h7xx_hal_msp.o
 .debug_abbrev  0x0000000000000645       0x73 ./Core/Src/stm32h7xx_it.o
 .debug_abbrev  0x00000000000006b8       0x12 ./Core/Startup/startup_stm32h755zitx.o
 .debug_abbrev  0x00000000000006ca      0x295 ./Drivers/STM32H7xx_HAL_Driver/stm32h7xx_hal.o
 .debug_abbrev  0x000000000000095f      0x339 ./Drivers/STM32H7xx_HAL_Driver/stm32h7xx_hal_cortex.o
 .debug_abbrev  0x0000000000000c98      0x1fe ./Drivers/STM32H7xx_HAL_Driver/stm32h7xx_hal_gpio.o
 .debug_abbrev  0x0000000000000e96      0x1d3 ./Drivers/STM32H7xx_HAL_Driver/stm32h7xx_hal_hsem.o
 .debug_abbrev  0x0000000000001069      0x2d7 ./Drivers/STM32H7xx_HAL_Driver/stm32h7xx_hal_pwr_ex.o
 .debug_abbrev  0x0000000000001340      0x2c8 ./Drivers/STM32H7xx_HAL_Driver/stm32h7xx_hal_rcc.o
 .debug_abbrev  0x0000000000001608      0x276 ./Drivers/STM32H7xx_HAL_Driver/stm32h7xx_hal_tim.o
 .debug_abbrev  0x000000000000187e      0x281 ./Drivers/STM32H7xx_HAL_Driver/stm32h7xx_hal_tim_ex.o

.debug_aranges  0x0000000000000000      0xca8
 .debug_aranges
                0x0000000000000000       0x28 ./Common/Src/system_stm32h7xx_dualcore_boot_cm4_cm7.o
 .debug_aranges
                0x0000000000000028       0x58 ./Core/Src/main.o
 .debug_aranges
                0x0000000000000080       0x48 ./Core/Src/stm32h7xx_hal_msp.o
 .debug_aranges
                0x00000000000000c8       0x60 ./Core/Src/stm32h7xx_it.o
 .debug_aranges
                0x0000000000000128       0x28 ./Core/Startup/startup_stm32h755zitx.o
 .debug_aranges
                0x0000000000000150      0x200 ./Drivers/STM32H7xx_HAL_Driver/stm32h7xx_hal.o
 .debug_aranges
                0x0000000000000350      0x130 ./Drivers/STM32H7xx_HAL_Driver/stm32h7xx_hal_cortex.o
 .debug_aranges
                0x0000000000000480       0x58 ./Drivers/STM32H7xx_HAL_Driver/stm32h7xx_hal_gpio.o
 .debug_aranges
                0x00000000000004d8       0x70 ./Drivers/STM32H7xx_HAL_Driver/stm32h7xx_hal_hsem.o
 .debug_aranges
                0x0000000000000548      0x170 ./Drivers/STM32H7xx_HAL_Driver/stm32h7xx_hal_pwr_ex.o
 .debug_aranges
                0x00000000000006b8       0x88 ./Drivers/STM32H7xx_HAL_Driver/stm32h7xx_hal_rcc.o
 .debug_aranges
                0x0000000000000740      0x3e0 ./Drivers/STM32H7xx_HAL_Driver/stm32h7xx_hal_tim.o
 .debug_aranges
                0x0000000000000b20      0x188 ./Drivers/STM32H7xx_HAL_Driver/stm32h7xx_hal_tim_ex.o

.debug_rnglists
                0x0000000000000000      0x9c1
 .debug_rnglists
                0x0000000000000000       0x1b ./Common/Src/system_stm32h7xx_dualcore_boot_cm4_cm7.o
 .debug_rnglists
                0x000000000000001b       0x43 ./Core/Src/main.o
 .debug_rnglists
                0x000000000000005e       0x33 ./Core/Src/stm32h7xx_hal_msp.o
 .debug_rnglists
                0x0000000000000091       0x43 ./Core/Src/stm32h7xx_it.o
 .debug_rnglists
                0x00000000000000d4       0x19 ./Core/Startup/startup_stm32h755zitx.o
 .debug_rnglists
                0x00000000000000ed      0x180 ./Drivers/STM32H7xx_HAL_Driver/stm32h7xx_hal.o
 .debug_rnglists
                0x000000000000026d       0xe0 ./Drivers/STM32H7xx_HAL_Driver/stm32h7xx_hal_cortex.o
 .debug_rnglists
                0x000000000000034d       0x3f ./Drivers/STM32H7xx_HAL_Driver/stm32h7xx_hal_gpio.o
 .debug_rnglists
                0x000000000000038c       0x4f ./Drivers/STM32H7xx_HAL_Driver/stm32h7xx_hal_hsem.o
 .debug_rnglists
                0x00000000000003db      0x117 ./Drivers/STM32H7xx_HAL_Driver/stm32h7xx_hal_pwr_ex.o
 .debug_rnglists
                0x00000000000004f2       0x68 ./Drivers/STM32H7xx_HAL_Driver/stm32h7xx_hal_rcc.o
 .debug_rnglists
                0x000000000000055a      0x328 ./Drivers/STM32H7xx_HAL_Driver/stm32h7xx_hal_tim.o
 .debug_rnglists
                0x0000000000000882      0x13f ./Drivers/STM32H7xx_HAL_Driver/stm32h7xx_hal_tim_ex.o

.debug_macro    0x0000000000000000    0x3916d
 .debug_macro   0x0000000000000000      0x294 ./Common/Src/system_stm32h7xx_dualcore_boot_cm4_cm7.o
 .debug_macro   0x0000000000000294      0xac6 ./Common/Src/system_stm32h7xx_dualcore_boot_cm4_cm7.o
 .debug_macro   0x0000000000000d5a       0x2e ./Common/Src/system_stm32h7xx_dualcore_boot_cm4_cm7.o
 .debug_macro   0x0000000000000d88       0x49 ./Common/Src/system_stm32h7xx_dualcore_boot_cm4_cm7.o
 .debug_macro   0x0000000000000dd1       0x22 ./Common/Src/system_stm32h7xx_dualcore_boot_cm4_cm7.o
 .debug_macro   0x0000000000000df3       0x8e ./Common/Src/system_stm32h7xx_dualcore_boot_cm4_cm7.o
 .debug_macro   0x0000000000000e81       0x51 ./Common/Src/system_stm32h7xx_dualcore_boot_cm4_cm7.o
 .debug_macro   0x0000000000000ed2      0x103 ./Common/Src/system_stm32h7xx_dualcore_boot_cm4_cm7.o
 .debug_macro   0x0000000000000fd5       0x6a ./Common/Src/system_stm32h7xx_dualcore_boot_cm4_cm7.o
 .debug_macro   0x000000000000103f      0x1df ./Common/Src/system_stm32h7xx_dualcore_boot_cm4_cm7.o
 .debug_macro   0x000000000000121e       0x1c ./Common/Src/system_stm32h7xx_dualcore_boot_cm4_cm7.o
 .debug_macro   0x000000000000123a       0x22 ./Common/Src/system_stm32h7xx_dualcore_boot_cm4_cm7.o
 .debug_macro   0x000000000000125c       0xfb ./Common/Src/system_stm32h7xx_dualcore_boot_cm4_cm7.o
 .debug_macro   0x0000000000001357     0x1305 ./Common/Src/system_stm32h7xx_dualcore_boot_cm4_cm7.o
 .debug_macro   0x000000000000265c      0x11f ./Common/Src/system_stm32h7xx_dualcore_boot_cm4_cm7.o
 .debug_macro   0x000000000000277b       0x27 ./Common/Src/system_stm32h7xx_dualcore_boot_cm4_cm7.o
 .debug_macro   0x00000000000027a2    0x273f2 ./Common/Src/system_stm32h7xx_dualcore_boot_cm4_cm7.o
 .debug_macro   0x0000000000029b94       0x6d ./Common/Src/system_stm32h7xx_dualcore_boot_cm4_cm7.o
 .debug_macro   0x0000000000029c01      0x232 ./Common/Src/system_stm32h7xx_dualcore_boot_cm4_cm7.o
 .debug_macro   0x0000000000029e33     0x3d79 ./Common/Src/system_stm32h7xx_dualcore_boot_cm4_cm7.o
 .debug_macro   0x000000000002dbac      0x174 ./Common/Src/system_stm32h7xx_dualcore_boot_cm4_cm7.o
 .debug_macro   0x000000000002dd20       0x61 ./Common/Src/system_stm32h7xx_dualcore_boot_cm4_cm7.o
 .debug_macro   0x000000000002dd81       0x29 ./Common/Src/system_stm32h7xx_dualcore_boot_cm4_cm7.o
 .debug_macro   0x000000000002ddaa       0x43 ./Common/Src/system_stm32h7xx_dualcore_boot_cm4_cm7.o
 .debug_macro   0x000000000002dded       0x34 ./Common/Src/system_stm32h7xx_dualcore_boot_cm4_cm7.o
 .debug_macro   0x000000000002de21       0x16 ./Common/Src/system_stm32h7xx_dualcore_boot_cm4_cm7.o
 .debug_macro   0x000000000002de37       0x43 ./Common/Src/system_stm32h7xx_dualcore_boot_cm4_cm7.o
 .debug_macro   0x000000000002de7a       0x34 ./Common/Src/system_stm32h7xx_dualcore_boot_cm4_cm7.o
 .debug_macro   0x000000000002deae       0x10 ./Common/Src/system_stm32h7xx_dualcore_boot_cm4_cm7.o
 .debug_macro   0x000000000002debe       0x58 ./Common/Src/system_stm32h7xx_dualcore_boot_cm4_cm7.o
 .debug_macro   0x000000000002df16       0x8e ./Common/Src/system_stm32h7xx_dualcore_boot_cm4_cm7.o
 .debug_macro   0x000000000002dfa4       0x1c ./Common/Src/system_stm32h7xx_dualcore_boot_cm4_cm7.o
 .debug_macro   0x000000000002dfc0      0x177 ./Common/Src/system_stm32h7xx_dualcore_boot_cm4_cm7.o
 .debug_macro   0x000000000002e137      0x369 ./Common/Src/system_stm32h7xx_dualcore_boot_cm4_cm7.o
 .debug_macro   0x000000000002e4a0      0x19b ./Common/Src/system_stm32h7xx_dualcore_boot_cm4_cm7.o
 .debug_macro   0x000000000002e63b       0x5d ./Common/Src/system_stm32h7xx_dualcore_boot_cm4_cm7.o
 .debug_macro   0x000000000002e698     0x3b99 ./Common/Src/system_stm32h7xx_dualcore_boot_cm4_cm7.o
 .debug_macro   0x0000000000032231     0x1072 ./Common/Src/system_stm32h7xx_dualcore_boot_cm4_cm7.o
 .debug_macro   0x00000000000332a3      0x154 ./Common/Src/system_stm32h7xx_dualcore_boot_cm4_cm7.o
 .debug_macro   0x00000000000333f7      0x130 ./Common/Src/system_stm32h7xx_dualcore_boot_cm4_cm7.o
 .debug_macro   0x0000000000033527      0x3c2 ./Common/Src/system_stm32h7xx_dualcore_boot_cm4_cm7.o
 .debug_macro   0x00000000000338e9       0xac ./Common/Src/system_stm32h7xx_dualcore_boot_cm4_cm7.o
 .debug_macro   0x0000000000033995      0x72d ./Common/Src/system_stm32h7xx_dualcore_boot_cm4_cm7.o
 .debug_macro   0x00000000000340c2      0x228 ./Common/Src/system_stm32h7xx_dualcore_boot_cm4_cm7.o
 .debug_macro   0x00000000000342ea       0x66 ./Common/Src/system_stm32h7xx_dualcore_boot_cm4_cm7.o
 .debug_macro   0x0000000000034350      0x3bb ./Common/Src/system_stm32h7xx_dualcore_boot_cm4_cm7.o
 .debug_macro   0x000000000003470b      0x407 ./Common/Src/system_stm32h7xx_dualcore_boot_cm4_cm7.o
 .debug_macro   0x0000000000034b12      0x27c ./Common/Src/system_stm32h7xx_dualcore_boot_cm4_cm7.o
 .debug_macro   0x0000000000034d8e      0x3ca ./Common/Src/system_stm32h7xx_dualcore_boot_cm4_cm7.o
 .debug_macro   0x0000000000035158      0x4a2 ./Common/Src/system_stm32h7xx_dualcore_boot_cm4_cm7.o
 .debug_macro   0x00000000000355fa       0x51 ./Common/Src/system_stm32h7xx_dualcore_boot_cm4_cm7.o
 .debug_macro   0x000000000003564b       0x4a ./Common/Src/system_stm32h7xx_dualcore_boot_cm4_cm7.o
 .debug_macro   0x0000000000035695      0x22c ./Common/Src/system_stm32h7xx_dualcore_boot_cm4_cm7.o
 .debug_macro   0x00000000000358c1       0x67 ./Common/Src/system_stm32h7xx_dualcore_boot_cm4_cm7.o
 .debug_macro   0x0000000000035928       0xa5 ./Common/Src/system_stm32h7xx_dualcore_boot_cm4_cm7.o
 .debug_macro   0x00000000000359cd      0x218 ./Common/Src/system_stm32h7xx_dualcore_boot_cm4_cm7.o
 .debug_macro   0x0000000000035be5      0x2ea ./Common/Src/system_stm32h7xx_dualcore_boot_cm4_cm7.o
 .debug_macro   0x0000000000035ecf       0x35 ./Common/Src/system_stm32h7xx_dualcore_boot_cm4_cm7.o
 .debug_macro   0x0000000000035f04      0xafa ./Common/Src/system_stm32h7xx_dualcore_boot_cm4_cm7.o
 .debug_macro   0x00000000000369fe      0x29f ./Common/Src/system_stm32h7xx_dualcore_boot_cm4_cm7.o
 .debug_macro   0x0000000000036c9d      0x798 ./Common/Src/system_stm32h7xx_dualcore_boot_cm4_cm7.o
 .debug_macro   0x0000000000037435      0x2a4 ./Core/Src/main.o
 .debug_macro   0x00000000000376d9      0x29e ./Core/Src/stm32h7xx_hal_msp.o
 .debug_macro   0x0000000000037977      0x2a8 ./Core/Src/stm32h7xx_it.o
 .debug_macro   0x0000000000037c1f      0x2be ./Drivers/STM32H7xx_HAL_Driver/stm32h7xx_hal.o
 .debug_macro   0x0000000000037edd      0x294 ./Drivers/STM32H7xx_HAL_Driver/stm32h7xx_hal_cortex.o
 .debug_macro   0x0000000000038171      0x2a8 ./Drivers/STM32H7xx_HAL_Driver/stm32h7xx_hal_gpio.o
 .debug_macro   0x0000000000038419      0x2a6 ./Drivers/STM32H7xx_HAL_Driver/stm32h7xx_hal_hsem.o
 .debug_macro   0x00000000000386bf      0x2cd ./Drivers/STM32H7xx_HAL_Driver/stm32h7xx_hal_pwr_ex.o
 .debug_macro   0x000000000003898c      0x2b8 ./Drivers/STM32H7xx_HAL_Driver/stm32h7xx_hal_rcc.o
 .debug_macro   0x0000000000038c44      0x295 ./Drivers/STM32H7xx_HAL_Driver/stm32h7xx_hal_tim.o
 .debug_macro   0x0000000000038ed9      0x294 ./Drivers/STM32H7xx_HAL_Driver/stm32h7xx_hal_tim_ex.o

.debug_line     0x0000000000000000     0xe454
 .debug_line    0x0000000000000000      0xab1 ./Common/Src/system_stm32h7xx_dualcore_boot_cm4_cm7.o
 .debug_line    0x0000000000000ab1      0xbec ./Core/Src/main.o
 .debug_line    0x000000000000169d      0x9f3 ./Core/Src/stm32h7xx_hal_msp.o
 .debug_line    0x0000000000002090      0x976 ./Core/Src/stm32h7xx_it.o
 .debug_line    0x0000000000002a06       0x7a ./Core/Startup/startup_stm32h755zitx.o
 .debug_line    0x0000000000002a80      0xfed ./Drivers/STM32H7xx_HAL_Driver/stm32h7xx_hal.o
 .debug_line    0x0000000000003a6d      0xed1 ./Drivers/STM32H7xx_HAL_Driver/stm32h7xx_hal_cortex.o
 .debug_line    0x000000000000493e      0xd54 ./Drivers/STM32H7xx_HAL_Driver/stm32h7xx_hal_gpio.o
 .debug_line    0x0000000000005692      0xa53 ./Drivers/STM32H7xx_HAL_Driver/stm32h7xx_hal_hsem.o
 .debug_line    0x00000000000060e5     0x10d4 ./Drivers/STM32H7xx_HAL_Driver/stm32h7xx_hal_pwr_ex.o
 .debug_line    0x00000000000071b9     0x1461 ./Drivers/STM32H7xx_HAL_Driver/stm32h7xx_hal_rcc.o
 .debug_line    0x000000000000861a     0x4006 ./Drivers/STM32H7xx_HAL_Driver/stm32h7xx_hal_tim.o
 .debug_line    0x000000000000c620     0x1e34 ./Drivers/STM32H7xx_HAL_Driver/stm32h7xx_hal_tim_ex.o

.debug_str      0x0000000000000000   0x17e496
 .debug_str     0x0000000000000000   0x17a1f9 ./Common/Src/system_stm32h7xx_dualcore_boot_cm4_cm7.o
                                     0x17a669 (size before relaxing)
 .debug_str     0x000000000017a1f9      0xbb1 ./Core/Src/main.o
                                     0x17aefe (size before relaxing)
 .debug_str     0x000000000017adaa      0x116 ./Core/Src/stm32h7xx_hal_msp.o
                                     0x17a9d0 (size before relaxing)
 .debug_str     0x000000000017aec0       0xc9 ./Core/Src/stm32h7xx_it.o
                                     0x17a0dd (size before relaxing)
 .debug_str     0x000000000017af89       0x34 ./Core/Startup/startup_stm32h755zitx.o
                                         0x71 (size before relaxing)
 .debug_str     0x000000000017afbd     0x11c0 ./Drivers/STM32H7xx_HAL_Driver/stm32h7xx_hal.o
                                     0x17b71c (size before relaxing)
 .debug_str     0x000000000017c17d      0x3b6 ./Drivers/STM32H7xx_HAL_Driver/stm32h7xx_hal_cortex.o
                                     0x17af83 (size before relaxing)
 .debug_str     0x000000000017c533      0x19d ./Drivers/STM32H7xx_HAL_Driver/stm32h7xx_hal_gpio.o
                                     0x17a60e (size before relaxing)
 .debug_str     0x000000000017c6d0      0x216 ./Drivers/STM32H7xx_HAL_Driver/stm32h7xx_hal_hsem.o
                                     0x17a299 (size before relaxing)
 .debug_str     0x000000000017c8e6      0x6b6 ./Drivers/STM32H7xx_HAL_Driver/stm32h7xx_hal_pwr_ex.o
                                     0x17ab19 (size before relaxing)
 .debug_str     0x000000000017cf9c      0x25e ./Drivers/STM32H7xx_HAL_Driver/stm32h7xx_hal_rcc.o
                                     0x17a98f (size before relaxing)
 .debug_str     0x000000000017d1fa      0xdb6 ./Drivers/STM32H7xx_HAL_Driver/stm32h7xx_hal_tim.o
                                     0x17b71b (size before relaxing)
 .debug_str     0x000000000017dfb0      0x4e6 ./Drivers/STM32H7xx_HAL_Driver/stm32h7xx_hal_tim_ex.o
                                     0x17b043 (size before relaxing)

.debug_frame    0x0000000000000000     0x34f8
 .debug_frame   0x0000000000000000       0x58 ./Common/Src/system_stm32h7xx_dualcore_boot_cm4_cm7.o
 .debug_frame   0x0000000000000058      0x124 ./Core/Src/main.o
 .debug_frame   0x000000000000017c       0xfc ./Core/Src/stm32h7xx_hal_msp.o
 .debug_frame   0x0000000000000278      0x104 ./Core/Src/stm32h7xx_it.o
 .debug_frame   0x000000000000037c      0x848 ./Drivers/STM32H7xx_HAL_Driver/stm32h7xx_hal.o
 .debug_frame   0x0000000000000bc4      0x508 ./Drivers/STM32H7xx_HAL_Driver/stm32h7xx_hal_cortex.o
 .debug_frame   0x00000000000010cc      0x14c ./Drivers/STM32H7xx_HAL_Driver/stm32h7xx_hal_gpio.o
 .debug_frame   0x0000000000001218      0x1bc ./Drivers/STM32H7xx_HAL_Driver/stm32h7xx_hal_hsem.o
 .debug_frame   0x00000000000013d4      0x5ec ./Drivers/STM32H7xx_HAL_Driver/stm32h7xx_hal_pwr_ex.o
 .debug_frame   0x00000000000019c0      0x1f8 ./Drivers/STM32H7xx_HAL_Driver/stm32h7xx_hal_rcc.o
 .debug_frame   0x0000000000001bb8     0x121c ./Drivers/STM32H7xx_HAL_Driver/stm32h7xx_hal_tim.o
 .debug_frame   0x0000000000002dd4      0x6d8 ./Drivers/STM32H7xx_HAL_Driver/stm32h7xx_hal_tim_ex.o
 .debug_frame   0x00000000000034ac       0x20 C:/ST/STM32CubeIDE_1.13.1/STM32CubeIDE/plugins/com.st.stm32cube.ide.mcu.externaltools.gnu-tools-for-stm32.11.3.rel1.win32_1.1.0.202305231506/tools/bin/../lib/gcc/arm-none-eabi/11.3.1/../../../../arm-none-eabi/lib/thumb/v7e-m+dp/hard\libc_nano.a(libc_a-memset.o)
 .debug_frame   0x00000000000034cc       0x2c C:/ST/STM32CubeIDE_1.13.1/STM32CubeIDE/plugins/com.st.stm32cube.ide.mcu.externaltools.gnu-tools-for-stm32.11.3.rel1.win32_1.1.0.202305231506/tools/bin/../lib/gcc/arm-none-eabi/11.3.1/../../../../arm-none-eabi/lib/thumb/v7e-m+dp/hard\libc_nano.a(libc_a-init.o)

.debug_line_str
                0x0000000000000000       0x65
 .debug_line_str
                0x0000000000000000       0x65 ./Core/Startup/startup_stm32h755zitx.o
                                         0x7d (size before relaxing)
